Compiling D:\HACK125\Algocred\contracts\AlgocredBountyManager.algo.ts...
node : D:\HACK1
25\Algocred\nod
e_modules\@algo
randfoundation\
tealscript\dist
\lib\compiler.j
s:1793
At line:1 
char:1
+ node scripts/
compile.js > 
compile.log 
2>&1
+ ~~~~~~~~~~~~~
~~~~~~~~~~~~~~~
~~~~~~~~~~~~~~
    + Category 
   Info        
      : NotS   
 pecified:     
(D:\HACK12    
5\Algo...o    
mpiler.js:    
1793:Strin    
g) [], Rem    
oteExcepti    
on
    + FullyQua 
   lifiedErro  
  rId : Nati   
 veCommandE    
rror
 
        this.so
urceFile = this
.project.getSou
rceFile(this.sr
cPath);
               
               
         ^

TypeError: 
Cannot read 
properties of 
undefined 
(reading 'getSo
urceFile')
    at new 
Compiler (D:\HA
CK125\Algocred\
node_modules\@a
lgorandfoundati
on\tealscript\d
ist\lib\compile
r.js:1793:40)
    at main (D:
\HACK125\Algocr
ed\scripts\comp
ile.js:13:20)
    at Object.<
anonymous> (D:\
HACK125\Algocre
d\scripts\compi
le.js:43:1)
    at Module._
compile (node:i
nternal/modules
/cjs/loader:176
1:14)
    at 
Object..js (nod
e:internal/modu
les/cjs/loader:
1893:10)
    at 
Module.load (no
de:internal/mod
ules/cjs/loader
:1481:32)
    at 
Module._load (n
ode:internal/mo
dules/cjs/loade
r:1300:12)
    at TracingC
hannel.traceSyn
c (node:diagnos
tics_channel:32
8:14)
    at 
wrapModuleLoad 
(node:internal/
modules/cjs/loa
der:245:24)
    at Module.e
xecuteUserEntry
Point [as 
runMain] (node:
internal/module
s/run_main:154:
5)

Node.js 
v24.13.0
